// Jest Snapshot v1, https://goo.gl/fbAQLP

exports[`should render expense list item on render 1`] = `
<Link
  className="list-item"
  replace={false}
  to="edit/1"
>
  <div>
    <h3
      className="list-item__title"
    >
      Rent
    </h3>
    <span
      className="list-item__sub-title"
    >
      December 31st, 1969
    </span>
  </div>
  <h3
    className="list-item__data"
  >
    $11.95
  </h3>
</Link>
`;
